Ô£à Local DB loaded from C:\wamp\www\agriculture_platform_nin3\local_db.json
Testing Parcel Update...
­ƒôØ LocalDB Op: 
        UPDATE parcelle 
        SET nom_parcelle... [ 'Updated Parcel', 5.5, '2026-01-01', 'termine', 1768933620584, 1 ]
Updated Parcel: {
  id_parcelle: 1768933620584,
  nom_parcelle: 'Updated Parcel',
  superficie: 5.5,
  id_culture: 1,
  date_semis: '2026-01-01',
  statut: 'termine',
  id_utilisateur: 1
}
Ô£à Parcel Update Test Passed

Testing Stock Update (Set)...
­ƒôØ LocalDB Op: UPDATE stock SET quantite_actuelle = $1, date_dern... [ 100, '2026-01-27', 1, 1 ]
Updated Stock: {
  id_stock: 1,
  id_utilisateur: 1,
  id_intrant: 1,
  quantite_actuelle: 100,
  date_derniere_maj: '2026-01-27'
}
Ô£à Stock Set Test Passed

Testing Stock Update (Adjust)...
­ƒôØ LocalDB Op: UPDATE stock SET quantite_actuelle = GREATEST(0, C... [ -10, '2026-01-27', 1, 1 ]
Adjusted Stock: {
  id_stock: 1,
  id_utilisateur: 1,
  id_intrant: 1,
  quantite_actuelle: 90,
  date_derniere_maj: '2026-01-27'
}
Ô£à Stock Adjust Test Passed
